2026-08-30 01:53:48,023 | INFO     | src.silver.cleaner | Nettoyage de 1 lignes...
2026-08-30 01:53:48,048 | INFO     | src.silver.cleaner | Valeurs manquantes remplacées : genre=0, age=0
2026-08-30 01:53:48,054 | INFO     | src.silver.cleaner | Nettoyage terminé : 1 lignes, 17 colonnes.
2026-08-30 01:53:48,055 | INFO     | src.silver.cleaner | Nettoyage de 1 lignes...
2026-08-30 01:53:48,062 | INFO     | src.silver.cleaner | Valeurs manquantes remplacées : genre=0, age=0
2026-08-30 01:53:48,063 | INFO     | src.silver.cleaner | Nettoyage terminé : 1 lignes, 17 colonnes.
2026-08-30 01:53:48,063 | INFO     | src.silver.cleaner | Nettoyage de 1 lignes...
2026-08-30 01:53:48,071 | INFO     | src.silver.cleaner | Valeurs manquantes remplacées : genre=0, age=0
2026-08-30 01:53:48,072 | INFO     | src.silver.cleaner | Nettoyage terminé : 1 lignes, 17 colonnes.
2026-08-30 01:53:48,072 | INFO     | src.silver.cleaner | Nettoyage de 1 lignes...
2026-08-30 01:53:48,080 | INFO     | src.silver.cleaner | Valeurs manquantes remplacées : genre=0, age=0
2026-08-30 01:53:48,083 | INFO     | src.silver.cleaner | Nettoyage terminé : 1 lignes, 17 colonnes.
2026-08-30 01:53:48,086 | INFO     | src.silver.cleaner | Nettoyage de 1 lignes...
2026-08-30 01:53:48,090 | INFO     | src.silver.cleaner | Valeurs manquantes remplacées : genre=0, age=0
2026-08-30 01:53:48,092 | INFO     | src.silver.cleaner | Nettoyage terminé : 1 lignes, 17 colonnes.
2026-08-30 01:53:48,096 | INFO     | src.silver.cleaner | Nettoyage de 1 lignes...
2026-08-30 01:53:48,097 | INFO     | src.silver.cleaner | Valeurs manquantes remplacées : genre=0, age=0
2026-08-30 01:53:48,103 | INFO     | src.silver.cleaner | Nettoyage terminé : 1 lignes, 17 colonnes.
2026-08-30 01:53:48,104 | INFO     | src.silver.cleaner | Nettoyage de 1 lignes...
2026-08-30 01:53:48,108 | INFO     | src.silver.cleaner | Valeurs manquantes remplacées : genre=0, age=0
2026-08-30 01:53:48,111 | INFO     | src.silver.cleaner | Nettoyage terminé : 1 lignes, 17 colonnes.
2026-08-30 01:53:48,111 | INFO     | src.silver.cleaner | Nettoyage de 1 lignes...
2026-08-30 01:53:48,111 | INFO     | src.silver.cleaner | Valeurs manquantes remplacées : genre=0, age=0
2026-08-30 01:53:48,111 | INFO     | src.silver.cleaner | Nettoyage terminé : 1 lignes, 17 colonnes.
2026-08-30 01:53:48,123 | INFO     | src.silver.cleaner | Nettoyage de 1 lignes...
2026-08-30 01:53:48,123 | INFO     | src.silver.cleaner | Valeurs manquantes remplacées : genre=0, age=0
2026-08-30 01:53:48,123 | INFO     | src.silver.cleaner | Nettoyage terminé : 1 lignes, 17 colonnes.
2026-08-30 01:53:48,133 | INFO     | src.silver.cleaner | Nettoyage de 1 lignes...
2026-08-30 01:53:48,137 | INFO     | src.silver.cleaner | Valeurs manquantes remplacées : genre=1, age=0
2026-08-30 01:53:48,142 | INFO     | src.silver.cleaner | Nettoyage terminé : 1 lignes, 17 colonnes.
2026-08-30 01:53:48,146 | INFO     | src.silver.cleaner | Nettoyage de 1 lignes...
2026-08-30 01:53:48,152 | INFO     | src.silver.cleaner | Valeurs manquantes remplacées : genre=0, age=1
2026-08-30 01:53:48,153 | INFO     | src.silver.cleaner | Nettoyage terminé : 1 lignes, 17 colonnes.
2026-08-30 01:53:48,158 | INFO     | src.silver.cleaner | Nettoyage de 1 lignes...
2026-08-30 01:53:48,162 | INFO     | src.silver.cleaner | Valeurs manquantes remplacées : genre=0, age=0
2026-08-30 01:53:48,166 | INFO     | src.silver.cleaner | Nettoyage terminé : 1 lignes, 17 colonnes.
2026-08-30 01:53:48,168 | INFO     | src.silver.cleaner | Nettoyage de 1 lignes...
2026-08-30 01:53:48,174 | INFO     | src.silver.cleaner | Valeurs manquantes remplacées : genre=0, age=0
2026-08-30 01:53:48,178 | INFO     | src.silver.cleaner | Nettoyage terminé : 1 lignes, 17 colonnes.
2026-08-30 01:53:48,179 | INFO     | src.silver.cleaner | Nettoyage de 1 lignes...
2026-08-30 01:53:48,186 | INFO     | src.silver.cleaner | Valeurs manquantes remplacées : genre=0, age=0
2026-08-30 01:53:48,188 | INFO     | src.silver.cleaner | Nettoyage terminé : 1 lignes, 17 colonnes.
2026-08-30 01:53:48,193 | INFO     | src.silver.cleaner | Nettoyage de 1 lignes...
2026-08-30 01:53:48,196 | INFO     | src.silver.cleaner | Valeurs manquantes remplacées : genre=0, age=0
2026-08-30 01:53:48,200 | INFO     | src.silver.cleaner | Nettoyage terminé : 1 lignes, 17 colonnes.
2026-08-30 01:53:48,202 | INFO     | src.silver.cleaner | Nettoyage de 1 lignes...
2026-08-30 01:53:48,211 | INFO     | src.silver.cleaner | Valeurs manquantes remplacées : genre=0, age=0
2026-08-30 01:53:48,212 | INFO     | src.silver.cleaner | Nettoyage terminé : 1 lignes, 17 colonnes.
2026-08-30 01:53:48,217 | INFO     | src.silver.cleaner | Nettoyage de 1 lignes...
2026-08-30 01:53:48,222 | INFO     | src.silver.cleaner | Valeurs manquantes remplacées : genre=0, age=1
2026-08-30 01:53:48,225 | INFO     | src.silver.cleaner | Nettoyage terminé : 1 lignes, 17 colonnes.
2026-08-30 01:53:48,229 | INFO     | src.silver.cleaner | Nettoyage de 1 lignes...
2026-08-30 01:53:48,229 | INFO     | src.silver.cleaner | Valeurs manquantes remplacées : genre=0, age=0
2026-08-30 01:53:48,235 | INFO     | src.silver.cleaner | Nettoyage terminé : 1 lignes, 17 colonnes.
2026-08-30 01:53:48,235 | INFO     | src.silver.cleaner | Nettoyage de 1 lignes...
2026-08-30 01:53:48,243 | INFO     | src.silver.cleaner | Valeurs manquantes remplacées : genre=0, age=0
2026-08-30 01:53:48,245 | INFO     | src.silver.cleaner | Nettoyage terminé : 1 lignes, 17 colonnes.
2026-08-30 01:53:48,250 | INFO     | src.silver.cleaner | Nettoyage de 1 lignes...
2026-08-30 01:53:48,256 | INFO     | src.silver.cleaner | Valeurs manquantes remplacées : genre=0, age=0
2026-08-30 01:53:48,260 | INFO     | src.silver.cleaner | Nettoyage terminé : 1 lignes, 17 colonnes.
2026-08-30 01:53:48,266 | INFO     | src.silver.cleaner | Nettoyage de 5 lignes...
2026-08-30 01:53:48,272 | INFO     | src.silver.cleaner | Valeurs manquantes remplacées : genre=0, age=0
2026-08-30 01:53:48,277 | INFO     | src.silver.cleaner | Nettoyage terminé : 5 lignes, 17 colonnes.
2026-08-30 01:53:48,281 | INFO     | src.silver.cleaner | Nettoyage de 1 lignes...
2026-08-30 01:53:48,285 | INFO     | src.silver.cleaner | Valeurs manquantes remplacées : genre=0, age=0
2026-08-30 01:53:48,288 | INFO     | src.silver.cleaner | Nettoyage terminé : 1 lignes, 17 colonnes.
2026-08-30 01:53:48,288 | INFO     | src.silver.validator | Validation de 1 lignes...
2026-08-30 01:53:48,295 | INFO     | src.silver.validator | Validation terminée : 1 valides, 0 rejetées.
2026-08-30 01:53:48,299 | INFO     | src.silver.cleaner | Nettoyage de 1 lignes...
2026-08-30 01:53:48,302 | INFO     | src.silver.cleaner | Valeurs manquantes remplacées : genre=0, age=0
2026-08-30 01:53:48,307 | INFO     | src.silver.cleaner | Nettoyage terminé : 1 lignes, 17 colonnes.
2026-08-30 01:53:48,307 | INFO     | src.silver.validator | Validation de 1 lignes...
2026-08-30 01:53:48,311 | INFO     | src.silver.validator | Validation terminée : 0 valides, 1 rejetées.
2026-08-30 01:53:48,311 | WARNING  | src.silver.validator | Ligne id=nan rejetée : id manquant
2026-08-30 01:53:48,315 | INFO     | src.silver.cleaner | Nettoyage de 1 lignes...
2026-08-30 01:53:48,315 | INFO     | src.silver.cleaner | Valeurs manquantes remplacées : genre=0, age=0
2026-08-30 01:53:48,315 | INFO     | src.silver.cleaner | Nettoyage terminé : 1 lignes, 17 colonnes.
2026-08-30 01:53:48,315 | INFO     | src.silver.validator | Validation de 1 lignes...
2026-08-30 01:53:48,327 | INFO     | src.silver.validator | Validation terminée : 0 valides, 1 rejetées.
2026-08-30 01:53:48,328 | WARNING  | src.silver.validator | Ligne id=1 rejetée : date invalide ou manquante
2026-08-30 01:53:48,331 | INFO     | src.silver.cleaner | Nettoyage de 1 lignes...
2026-08-30 01:53:48,335 | INFO     | src.silver.cleaner | Valeurs manquantes remplacées : genre=0, age=0
2026-08-30 01:53:48,337 | INFO     | src.silver.cleaner | Nettoyage terminé : 1 lignes, 17 colonnes.
2026-08-30 01:53:48,337 | INFO     | src.silver.validator | Validation de 1 lignes...
2026-08-30 01:53:48,342 | INFO     | src.silver.validator | Validation terminée : 0 valides, 1 rejetées.
2026-08-30 01:53:48,344 | WARNING  | src.silver.validator | Ligne id=1 rejetée : plateforme manquante
2026-08-30 01:53:48,347 | INFO     | src.silver.cleaner | Nettoyage de 1 lignes...
2026-08-30 01:53:48,351 | INFO     | src.silver.cleaner | Valeurs manquantes remplacées : genre=0, age=0
2026-08-30 01:53:48,354 | INFO     | src.silver.cleaner | Nettoyage terminé : 1 lignes, 17 colonnes.
2026-08-30 01:53:48,356 | INFO     | src.silver.validator | Validation de 1 lignes...
2026-08-30 01:53:48,358 | INFO     | src.silver.validator | Validation terminée : 0 valides, 1 rejetées.
2026-08-30 01:53:48,360 | WARNING  | src.silver.validator | Ligne id=1 rejetée : type de cyberviolence manquant
2026-08-30 01:53:48,363 | INFO     | src.silver.cleaner | Nettoyage de 1 lignes...
2026-08-30 01:53:48,364 | INFO     | src.silver.cleaner | Valeurs manquantes remplacées : genre=1, age=0
2026-08-30 01:53:48,370 | INFO     | src.silver.cleaner | Nettoyage terminé : 1 lignes, 17 colonnes.
2026-08-30 01:53:48,370 | INFO     | src.silver.validator | Validation de 1 lignes...
2026-08-30 01:53:48,374 | INFO     | src.silver.validator | Validation terminée : 1 valides, 0 rejetées.
2026-08-30 01:53:48,374 | INFO     | src.silver.cleaner | Nettoyage de 1 lignes...
2026-08-30 01:53:48,381 | INFO     | src.silver.cleaner | Valeurs manquantes remplacées : genre=0, age=0
2026-08-30 01:53:48,381 | INFO     | src.silver.cleaner | Nettoyage terminé : 1 lignes, 17 colonnes.
2026-08-30 01:53:48,386 | INFO     | src.silver.cleaner | Nettoyage de 1 lignes...
2026-08-30 01:53:48,390 | INFO     | src.silver.cleaner | Valeurs manquantes remplacées : genre=0, age=0
2026-08-30 01:53:48,390 | INFO     | src.silver.cleaner | Nettoyage terminé : 1 lignes, 17 colonnes.
2026-08-30 01:53:48,390 | INFO     | src.silver.validator | Validation de 2 lignes...
2026-08-30 01:53:48,396 | INFO     | src.silver.validator | Validation terminée : 1 valides, 1 rejetées.
2026-08-30 01:53:48,396 | WARNING  | src.silver.validator | Ligne id=2 rejetée : plateforme manquante
2026-08-30 01:53:48,396 | INFO     | src.silver.cleaner | Nettoyage de 1 lignes...
2026-08-30 01:53:48,405 | INFO     | src.silver.cleaner | Valeurs manquantes remplacées : genre=0, age=0
2026-08-30 01:53:48,407 | INFO     | src.silver.cleaner | Nettoyage terminé : 1 lignes, 17 colonnes.
2026-08-30 01:53:48,410 | INFO     | src.silver.validator | Validation de 1 lignes...
2026-08-30 01:53:48,413 | INFO     | src.silver.validator | Validation terminée : 1 valides, 0 rejetées.
2026-08-30 01:54:14,522 | INFO     | __main__ | === Démarrage du pipeline ETL pour data/bronze/signalements.xlsx ===
2026-08-30 01:54:14,526 | INFO     | src.bronze.extractor | Extraction du fichier : data/bronze/signalements.xlsx
2026-08-30 01:54:14,968 | INFO     | src.bronze.extractor | 138 lignes extraites, 12 colonnes.
2026-08-30 01:54:14,968 | INFO     | src.silver.cleaner | Nettoyage de 138 lignes...
2026-08-30 01:54:14,979 | INFO     | src.silver.cleaner | Valeurs manquantes remplacées : genre=5, age=9
2026-08-30 01:54:14,983 | INFO     | src.silver.cleaner | Nettoyage terminé : 138 lignes, 17 colonnes.
2026-08-30 01:54:14,983 | INFO     | src.silver.validator | Validation de 138 lignes...
2026-08-30 01:54:14,989 | INFO     | src.silver.validator | Validation terminée : 138 valides, 0 rejetées.
2026-08-30 01:54:15,049 | INFO     | src.gold.star_schema_builder | Début du chargement de 138 lignes validées...
2026-08-30 01:54:15,051 | ERROR    | src.gold.star_schema_builder | Échec du chargement, rollback effectué. Raison : ERREUR:  la relation « dim_date » n'existe pas
LINE 1: SELECT date_id FROM dim_date WHERE date_complete = '2025-01-...
                            ^

2026-08-30 01:54:27,713 | INFO     | __main__ | Test rapide : KPI globaux vs KPI filtrés sur Instagram uniquement.
2026-08-30 02:23:29,917 | INFO     | __main__ | === Démarrage du pipeline ETL pour data/bronze/signalements.xlsx ===
2026-08-30 02:23:29,917 | INFO     | src.bronze.extractor | Extraction du fichier : data/bronze/signalements.xlsx
2026-08-30 02:23:30,207 | INFO     | src.bronze.extractor | 138 lignes extraites, 12 colonnes.
2026-08-30 02:23:30,207 | INFO     | src.silver.cleaner | Nettoyage de 138 lignes...
2026-08-30 02:23:30,222 | INFO     | src.silver.cleaner | Valeurs manquantes remplacées : genre=5, age=9
2026-08-30 02:23:30,228 | INFO     | src.silver.cleaner | Nettoyage terminé : 138 lignes, 17 colonnes.
2026-08-30 02:23:30,228 | INFO     | src.silver.validator | Validation de 138 lignes...
2026-08-30 02:23:30,234 | INFO     | src.silver.validator | Validation terminée : 138 valides, 0 rejetées.
2026-08-30 02:23:30,286 | INFO     | src.gold.star_schema_builder | Début du chargement de 138 lignes validées...
2026-08-30 02:23:30,294 | ERROR    | src.gold.star_schema_builder | Échec du chargement, rollback effectué. Raison : ERREUR:  la relation « dim_date » n'existe pas
LINE 1: SELECT date_id FROM dim_date WHERE date_complete = '2025-01-...
                            ^

2026-08-30 12:03:58,511 | INFO     | __main__ | === Démarrage du pipeline ETL pour data/bronze/signalements.xlsx ===
2026-08-30 12:03:58,511 | INFO     | src.bronze.extractor | Extraction du fichier : data/bronze/signalements.xlsx
2026-08-30 12:03:59,205 | INFO     | src.bronze.extractor | 138 lignes extraites, 12 colonnes.
2026-08-30 12:03:59,205 | INFO     | src.silver.cleaner | Nettoyage de 138 lignes...
2026-08-30 12:03:59,227 | INFO     | src.silver.cleaner | Valeurs manquantes remplacées : genre=5, age=9
2026-08-30 12:03:59,235 | INFO     | src.silver.cleaner | Nettoyage terminé : 138 lignes, 17 colonnes.
2026-08-30 12:03:59,235 | INFO     | src.silver.validator | Validation de 138 lignes...
2026-08-30 12:03:59,243 | INFO     | src.silver.validator | Validation terminée : 138 valides, 0 rejetées.
2026-08-30 12:03:59,326 | INFO     | src.gold.star_schema_builder | Début du chargement de 138 lignes validées...
2026-08-30 12:03:59,350 | ERROR    | src.gold.star_schema_builder | Échec du chargement, rollback effectué. Raison : ERREUR:  la relation « dim_date » n'existe pas
LINE 1: SELECT date_id FROM dim_date WHERE date_complete = '2025-01-...
                            ^

2026-08-30 13:47:16,793 | INFO     | __main__ | === Démarrage du pipeline ETL pour data/bronze/signalements.xlsx ===
2026-08-30 13:47:16,793 | INFO     | src.bronze.extractor | Extraction du fichier : data/bronze/signalements.xlsx
2026-08-30 13:47:17,095 | INFO     | src.bronze.extractor | 138 lignes extraites, 12 colonnes.
2026-08-30 13:47:17,095 | INFO     | src.silver.cleaner | Nettoyage de 138 lignes...
2026-08-30 13:47:17,103 | INFO     | src.silver.cleaner | Valeurs manquantes remplacées : genre=5, age=9
2026-08-30 13:47:17,103 | INFO     | src.silver.cleaner | Nettoyage terminé : 138 lignes, 17 colonnes.
2026-08-30 13:47:17,103 | INFO     | src.silver.validator | Validation de 138 lignes...
2026-08-30 13:47:17,116 | INFO     | src.silver.validator | Validation terminée : 138 valides, 0 rejetées.
2026-08-30 13:47:17,144 | INFO     | src.gold.star_schema_builder | Début du chargement de 138 lignes validées...
2026-08-30 13:47:18,275 | INFO     | src.gold.star_schema_builder | Chargement réussi : 138 insérées, 0 déjà présentes.
2026-08-30 13:47:18,275 | INFO     | __main__ | === Pipeline terminé : {'lues': 138, 'inserees': 138, 'ignorees': 0, 'rejetees': 0} ===
2026-08-30 13:48:12,457 | INFO     | __main__ | === Démarrage du pipeline ETL pour data/bronze/signalements.xlsx ===
2026-08-30 13:48:12,457 | INFO     | src.bronze.extractor | Extraction du fichier : data/bronze/signalements.xlsx
2026-08-30 13:48:12,744 | INFO     | src.bronze.extractor | 138 lignes extraites, 12 colonnes.
2026-08-30 13:48:12,744 | INFO     | src.silver.cleaner | Nettoyage de 138 lignes...
2026-08-30 13:48:12,753 | INFO     | src.silver.cleaner | Valeurs manquantes remplacées : genre=5, age=9
2026-08-30 13:48:12,757 | INFO     | src.silver.cleaner | Nettoyage terminé : 138 lignes, 17 colonnes.
2026-08-30 13:48:12,757 | INFO     | src.silver.validator | Validation de 138 lignes...
2026-08-30 13:48:12,765 | INFO     | src.silver.validator | Validation terminée : 138 valides, 0 rejetées.
2026-08-30 13:48:12,786 | INFO     | src.gold.star_schema_builder | Début du chargement de 138 lignes validées...
2026-08-30 13:48:13,666 | INFO     | src.gold.star_schema_builder | Chargement réussi : 0 insérées, 138 déjà présentes.
2026-08-30 13:48:13,667 | INFO     | __main__ | === Pipeline terminé : {'lues': 138, 'inserees': 0, 'ignorees': 138, 'rejetees': 0} ===
2026-08-30 13:48:48,690 | INFO     | __main__ | Test rapide : KPI globaux vs KPI filtrés sur Instagram uniquement.
